// Jest Snapshot v1, https://goo.gl/fbAQLP

exports[`log output Group: logs Test: logs: bytes 1`] = `Array []`;

exports[`log output Group: logs Test: logs: bytes 2`] = `Array []`;

exports[`log output Group: logs Test: logs: bytes 3`] = `Array []`;

exports[`log output Group: logs Test: logs: bytes 4`] = `
Array [
  0,
  0,
  0,
  0,
  0,
  0,
  240,
  63,
  0,
  0,
  0,
  0,
  0,
  0,
  0,
  64,
  0,
  0,
  0,
  0,
  0,
  0,
  8,
  64,
]
`;

exports[`log output Group: logs Test: logs: bytes 5`] = `Array []`;

exports[`log output Group: logs Test: logs: bytes 6`] = `Array []`;

exports[`log output Group: logs Test: logs: bytes 7`] = `Array []`;

exports[`log output Group: logs Test: logs: bytes 8`] = `Array []`;

exports[`log output Group: logs Test: logs: bytes 9`] = `Array []`;

exports[`log output Group: logs Test: logs: bytes 10`] = `Array []`;

exports[`log output Group: logs Test: logs: message 1`] = `"Hello world!"`;

exports[`log output Group: logs Test: logs: message 2`] = `"Value 42"`;

exports[`log output Group: logs Test: logs: message 3`] = `"null"`;

exports[`log output Group: logs Test: logs: message 4`] = `"Reference Type"`;

exports[`log output Group: logs Test: logs: message 5`] = `"[1,2,3]"`;

exports[`log output Group: logs Test: logs: message 6`] = `"Value 9999999999999"`;

exports[`log output Group: logs Test: logs: message 7`] = `"Value 1234567"`;

exports[`log output Group: logs Test: logs: message 8`] = `"Value 999999999999"`;

exports[`log output Group: logs Test: logs: message 9`] = `"Value -1"`;

exports[`log output Group: logs Test: logs: message 10`] = `"Value -1"`;

exports[`log output Group: logs Test: logs: offset 1`] = `0`;

exports[`log output Group: logs Test: logs: offset 2`] = `0`;

exports[`log output Group: logs Test: logs: offset 3`] = `0`;

exports[`log output Group: logs Test: logs: offset 4`] = `24`;

exports[`log output Group: logs Test: logs: offset 5`] = `0`;

exports[`log output Group: logs Test: logs: offset 6`] = `0`;

exports[`log output Group: logs Test: logs: offset 7`] = `0`;

exports[`log output Group: logs Test: logs: offset 8`] = `0`;

exports[`log output Group: logs Test: logs: offset 9`] = `0`;

exports[`log output Group: logs Test: logs: offset 10`] = `0`;

exports[`log output Group: logs Test: logs: snapshot 1`] = `296`;

exports[`log output Group: logs Test: logs: snapshot 2`] = `42`;

exports[`log output Group: logs Test: logs: snapshot 3`] = `null`;

exports[`log output Group: logs Test: logs: snapshot 4`] = `2144`;

exports[`log output Group: logs Test: logs: snapshot 5`] = `null`;

exports[`log output Group: logs Test: logs: snapshot 6`] = `null`;

exports[`log output Group: logs Test: logs: snapshot 7`] = `1234567`;

exports[`log output Group: logs Test: logs: snapshot 8`] = `null`;

exports[`log output Group: logs Test: logs: snapshot 9`] = `-1`;

exports[`log output Group: logs Test: logs: snapshot 10`] = `-1`;

exports[`log output Group: logs: bytes 1`] = `Array []`;

exports[`log output Group: logs: bytes 2`] = `Array []`;

exports[`log output Group: logs: bytes 3`] = `Array []`;

exports[`log output Group: logs: bytes 4`] = `
Array [
  0,
  0,
  0,
  0,
  0,
  0,
  240,
  63,
  0,
  0,
  0,
  0,
  0,
  0,
  0,
  64,
  0,
  0,
  0,
  0,
  0,
  0,
  8,
  64,
]
`;

exports[`log output Group: logs: bytes 5`] = `Array []`;

exports[`log output Group: logs: bytes 6`] = `Array []`;

exports[`log output Group: logs: bytes 7`] = `Array []`;

exports[`log output Group: logs: bytes 8`] = `Array []`;

exports[`log output Group: logs: bytes 9`] = `Array []`;

exports[`log output Group: logs: bytes 10`] = `Array []`;

exports[`log output Group: logs: message 1`] = `"Hello world!"`;

exports[`log output Group: logs: message 2`] = `"Value 42"`;

exports[`log output Group: logs: message 3`] = `"null"`;

exports[`log output Group: logs: message 4`] = `"Reference Type"`;

exports[`log output Group: logs: message 5`] = `"[1,2,3]"`;

exports[`log output Group: logs: message 6`] = `"Value 9999999999999"`;

exports[`log output Group: logs: message 7`] = `"Value 1234567"`;

exports[`log output Group: logs: message 8`] = `"Value 999999999999"`;

exports[`log output Group: logs: message 9`] = `"Value -1"`;

exports[`log output Group: logs: message 10`] = `"Value -1"`;

exports[`log output Group: logs: offset 1`] = `0`;

exports[`log output Group: logs: offset 2`] = `0`;

exports[`log output Group: logs: offset 3`] = `0`;

exports[`log output Group: logs: offset 4`] = `24`;

exports[`log output Group: logs: offset 5`] = `0`;

exports[`log output Group: logs: offset 6`] = `0`;

exports[`log output Group: logs: offset 7`] = `0`;

exports[`log output Group: logs: offset 8`] = `0`;

exports[`log output Group: logs: offset 9`] = `0`;

exports[`log output Group: logs: offset 10`] = `0`;

exports[`log output Group: logs: snapshot 1`] = `296`;

exports[`log output Group: logs: snapshot 2`] = `42`;

exports[`log output Group: logs: snapshot 3`] = `null`;

exports[`log output Group: logs: snapshot 4`] = `2144`;

exports[`log output Group: logs: snapshot 5`] = `null`;

exports[`log output Group: logs: snapshot 6`] = `null`;

exports[`log output Group: logs: snapshot 7`] = `1234567`;

exports[`log output Group: logs: snapshot 8`] = `null`;

exports[`log output Group: logs: snapshot 9`] = `-1`;

exports[`log output Group: logs: snapshot 10`] = `-1`;

exports[`log output Group: logs: todo 1`] = `"one"`;

exports[`log output Group: logs: todo 2`] = `"two"`;

exports[`log output Group: logs: todo 3`] = `"three"`;
