// Jest Snapshot v1, https://goo.gl/fbAQLP

exports[`RTrace output RTrace group and test values: allocationCount 1`] = `8`;

exports[`RTrace output RTrace group and test values: deallocationCount 1`] = `2`;

exports[`RTrace output RTrace group and test values: errors 1`] = `Array []`;

exports[`RTrace output RTrace group and test values: group 0 allocationCount 1`] = `0`;

exports[`RTrace output RTrace group and test values: group 0 deallocationCount 1`] = `0`;

exports[`RTrace output RTrace group and test values: group 0 decrementCount 1`] = `0`;

exports[`RTrace output RTrace group and test values: group 0 errors 1`] = `Array []`;

exports[`RTrace output RTrace group and test values: group 0 incrementCount 1`] = `0`;

exports[`RTrace output RTrace group and test values: group 0 rtraceDelta 1`] = `0`;

exports[`RTrace output RTrace group and test values: group 0 rtraceEnd 1`] = `0`;

exports[`RTrace output RTrace group and test values: group 0 rtraceStart 1`] = `3`;

exports[`RTrace output RTrace group and test values: group 1 allocationCount 1`] = `5`;

exports[`RTrace output RTrace group and test values: group 1 deallocationCount 1`] = `1`;

exports[`RTrace output RTrace group and test values: group 1 decrementCount 1`] = `13`;

exports[`RTrace output RTrace group and test values: group 1 errors 1`] = `Array []`;

exports[`RTrace output RTrace group and test values: group 1 incrementCount 1`] = `17`;

exports[`RTrace output RTrace group and test values: group 1 rtraceDelta 1`] = `4`;

exports[`RTrace output RTrace group and test values: group 1 rtraceEnd 1`] = `6`;

exports[`RTrace output RTrace group and test values: group 1 rtraceStart 1`] = `2`;

exports[`RTrace output RTrace group and test values: test 0-0 allocationCount 1`] = `0`;

exports[`RTrace output RTrace group and test values: test 0-0 deallocationCount 1`] = `0`;

exports[`RTrace output RTrace group and test values: test 0-0 decrementCount 1`] = `0`;

exports[`RTrace output RTrace group and test values: test 0-0 errors 1`] = `Array []`;

exports[`RTrace output RTrace group and test values: test 0-0 incrementCount 1`] = `0`;

exports[`RTrace output RTrace group and test values: test 0-0 rtraceDelta 1`] = `0`;

exports[`RTrace output RTrace group and test values: test 0-0 rtraceEnd 1`] = `0`;

exports[`RTrace output RTrace group and test values: test 0-0 rtraceStart 1`] = `0`;

exports[`RTrace output RTrace group and test values: test 1-0 allocationCount 1`] = `1`;

exports[`RTrace output RTrace group and test values: test 1-0 deallocationCount 1`] = `0`;

exports[`RTrace output RTrace group and test values: test 1-0 decrementCount 1`] = `0`;

exports[`RTrace output RTrace group and test values: test 1-0 errors 1`] = `Array []`;

exports[`RTrace output RTrace group and test values: test 1-0 incrementCount 1`] = `1`;

exports[`RTrace output RTrace group and test values: test 1-0 rtraceDelta 1`] = `1`;

exports[`RTrace output RTrace group and test values: test 1-0 rtraceEnd 1`] = `3`;

exports[`RTrace output RTrace group and test values: test 1-0 rtraceStart 1`] = `2`;

exports[`RTrace output RTrace group and test values: test 1-1 allocationCount 1`] = `1`;

exports[`RTrace output RTrace group and test values: test 1-1 deallocationCount 1`] = `1`;

exports[`RTrace output RTrace group and test values: test 1-1 decrementCount 1`] = `1`;

exports[`RTrace output RTrace group and test values: test 1-1 errors 1`] = `Array []`;

exports[`RTrace output RTrace group and test values: test 1-1 incrementCount 1`] = `1`;

exports[`RTrace output RTrace group and test values: test 1-1 rtraceDelta 1`] = `-1`;

exports[`RTrace output RTrace group and test values: test 1-1 rtraceEnd 1`] = `2`;

exports[`RTrace output RTrace group and test values: test 1-1 rtraceStart 1`] = `3`;

exports[`RTrace output RTrace group and test values: test 1-2 allocationCount 1`] = `4`;

exports[`RTrace output RTrace group and test values: test 1-2 deallocationCount 1`] = `1`;

exports[`RTrace output RTrace group and test values: test 1-2 decrementCount 1`] = `7`;

exports[`RTrace output RTrace group and test values: test 1-2 errors 1`] = `Array []`;

exports[`RTrace output RTrace group and test values: test 1-2 incrementCount 1`] = `10`;

exports[`RTrace output RTrace group and test values: test 1-2 rtraceDelta 1`] = `3`;

exports[`RTrace output RTrace group and test values: test 1-2 rtraceEnd 1`] = `5`;

exports[`RTrace output RTrace group and test values: test 1-2 rtraceStart 1`] = `2`;

exports[`RTrace output RTrace group and test values: test 1-3 allocationCount 1`] = `4`;

exports[`RTrace output RTrace group and test values: test 1-3 deallocationCount 1`] = `1`;

exports[`RTrace output RTrace group and test values: test 1-3 decrementCount 1`] = `7`;

exports[`RTrace output RTrace group and test values: test 1-3 errors 1`] = `Array []`;

exports[`RTrace output RTrace group and test values: test 1-3 incrementCount 1`] = `10`;

exports[`RTrace output RTrace group and test values: test 1-3 rtraceDelta 1`] = `0`;

exports[`RTrace output RTrace group and test values: test 1-3 rtraceEnd 1`] = `5`;

exports[`RTrace output RTrace group and test values: test 1-3 rtraceStart 1`] = `5`;

exports[`RTrace output RTrace group and test values: test 1-4 allocationCount 1`] = `5`;

exports[`RTrace output RTrace group and test values: test 1-4 deallocationCount 1`] = `1`;

exports[`RTrace output RTrace group and test values: test 1-4 decrementCount 1`] = `9`;

exports[`RTrace output RTrace group and test values: test 1-4 errors 1`] = `Array []`;

exports[`RTrace output RTrace group and test values: test 1-4 incrementCount 1`] = `13`;

exports[`RTrace output RTrace group and test values: test 1-4 rtraceDelta 1`] = `1`;

exports[`RTrace output RTrace group and test values: test 1-4 rtraceEnd 1`] = `6`;

exports[`RTrace output RTrace group and test values: test 1-4 rtraceStart 1`] = `5`;

exports[`RTrace output RTrace group and test values: test 1-5 allocationCount 1`] = `5`;

exports[`RTrace output RTrace group and test values: test 1-5 deallocationCount 1`] = `1`;

exports[`RTrace output RTrace group and test values: test 1-5 decrementCount 1`] = `13`;

exports[`RTrace output RTrace group and test values: test 1-5 errors 1`] = `Array []`;

exports[`RTrace output RTrace group and test values: test 1-5 incrementCount 1`] = `17`;

exports[`RTrace output RTrace group and test values: test 1-5 rtraceDelta 1`] = `0`;

exports[`RTrace output RTrace group and test values: test 1-5 rtraceEnd 1`] = `6`;

exports[`RTrace output RTrace group and test values: test 1-5 rtraceStart 1`] = `6`;
